d = 1e-4  eA=eB= 2.811e-21  sA=sB= 1.5e-10  th= 2.0e-5  D= 4.0e-5  g= 1.0e-6
valid True count 9 p-distance to nearest square 2.8114e-21 min gap 5.6228e-21
   pair (0, 1, '5.6228e-21', '0.5')
   pair (0, 2, '1.0e-6', '2.8135e-21')
   pair (0, 3, '4.2202e-5', '0.14644')
   pair (0, 4, '1.0e-6', '2.8135e-21')
   pair (0, 5, '4.2202e-5', '0.14644')
   pair (1, 2, '2.1e-5', '0.14644')
   pair (1, 3, '4.1e-5', '2.8131e-21')
   pair (1, 4, '2.1e-5', '0.14644')
   pair (1, 5, '4.1e-5', '2.8131e-21')
d = 1e-5  eA=eB= 2.812e-25  sA=sB= 1.5e-12  th= 2.0e-6  D= 4.0e-6  g= 1.0e-7
valid True count 9 p-distance to nearest square 2.8124e-25 min gap 5.6248e-25
   pair (0, 1, '5.6248e-25', '0.5')
   pair (0, 2, '1.0e-7', '2.8126e-25')
   pair (0, 3, '4.2202e-6', '0.14645')
   pair (0, 4, '1.0e-7', '2.8126e-25')
   pair (0, 5, '4.2202e-6', '0.14645')
   pair (1, 2, '2.1e-6', '0.14645')
   pair (1, 3, '4.1e-6', '2.8126e-25')
   pair (1, 4, '2.1e-6', '0.14645')
   pair (1, 5, '4.1e-6', '2.8126e-25')
d = 1e-6  eA=eB= 2.812e-29  sA=sB= 1.5e-14  th= 2.0e-7  D= 4.0e-7  g= 1.0e-8
valid True count 9 p-distance to nearest square 2.8125e-29 min gap 5.625e-29
   pair (0, 1, '5.625e-29', '0.5')
   pair (0, 2, '1.0e-8', '2.8125e-29')
   pair (0, 3, '4.2202e-7', '0.14645')
   pair (0, 4, '1.0e-8', '2.8125e-29')
   pair (0, 5, '4.2202e-7', '0.14645')
   pair (1, 2, '2.1e-7', '0.14645')
   pair (1, 3, '4.1e-7', '2.8125e-29')
   pair (1, 4, '2.1e-7', '0.14645')
   pair (1, 5, '4.1e-7', '2.8125e-29')
d = 1e-3  eA=eB= 2.801e-17  sA=sB= 1.5e-8  th= 0.0002  D= 0.0004  g= 1.0e-5
valid True count 9 p-distance to nearest square 2.8013e-17 min gap 5.6026e-17
   pair (0, 1, '5.6026e-17', '0.5')
   pair (0, 2, '1.0e-5', '2.8225e-17')
   pair (0, 3, '0.00042202', '0.14636')
   pair (0, 4, '1.0e-5', '2.8225e-17')
   pair (0, 5, '0.00042202', '0.14636')
   pair (1, 2, '0.00020998', '0.14643')
   pair (1, 3, '0.00041', '2.818e-17')
   pair (1, 4, '0.00020998', '0.14643')
   pair (1, 5, '0.00041', '2.818e-17')
d = 1e-2  eA=eB= 2.703e-13  sA=sB= 1.5e-6  th= 0.002  D= 0.004  g= 0.0001
valid True count 9 p-distance to nearest square 2.7033e-13 min gap 5.4066e-13
   pair (0, 1, '5.4066e-13', '0.5')
   pair (0, 2, '0.0001', '2.9094e-13')
   pair (0, 3, '0.0042201', '0.14555')
   pair (0, 4, '0.0001', '2.9094e-13')
   pair (0, 5, '0.0042201', '0.14555')
   pair (1, 2, '0.002098', '0.14625')
   pair (1, 3, '0.0041', '2.8648e-13')
   pair (1, 4, '0.002098', '0.14625')
   pair (1, 5, '0.0041', '2.8648e-13')
