0 free 16 [(5, True), (5, True), (5, True)]
1 wall 19 [(5, True), (5, True), (5, True)]
2 corner 21 [(6, True), (6, True), (6, True)]
3 free 25 [(4, True), (5, True), (5, True)]
4 free 25 [(5, True), (6, True), (6, True)]
5 wall 25 [(5, True), (5, True), (5, True)]
6 corner 14 [(6, True), (6, True), (6, True)]
7 free 17 [(5, True), (5, True), (5, True)]
8 free 18 [(5, True), (5, True), (6, True)]
9 wall 15 [(5, True), (5, True), (5, True)]
10 corner 24 [(4, True), (4, True), (4, True)]
11 free 17 [(5, True), (5, True), (5, True)]
12 free 12 [(5, True), (5, True), (5, True)]
13 wall 13 [(5, True), (5, True), (5, True)]
14 corner 16 [(6, True), (6, True), (6, True)]
15 free 24 [(5, True), (5, True), (5, True)]
16 free 15 [(5, True), (5, True), (6, True)]
17 wall 23 [(5, True), (5, True), (5, True)]
18 corner 23 [(6, True), (6, True), (6, True)]
19 free 13 [(5, True), (5, True), (5, True)]
20 free 16 [(5, True), (5, True), (5, True)]
21 wall 16 [(5, True), (5, True), (5, True)]
22 corner 17 [(6, True), (6, True), (6, True)]
23 free 15 [(5, True), (5, True), (5, True)]
24 free 19 [(5, True), (5, True), (5, True)]
25 wall 22 [(5, True), (5, True), (5, True)]
26 corner 18 [(6, True), (6, True), (6, True)]
27 free 22 [(5, True), (5, True), (5, True)]
28 free 13 [(5, True), (5, True), (5, True)]
29 wall 17 [(5, True), (5, True), (5, True)]
30 corner 25 [(4, True), (4, True), (4, True)]
31 free 20 [(5, True), (5, True), (5, True)]
32 free 14 [(5, True), (5, True), (5, True)]
33 wall 25 [(4, True), (5, True), (5, True)]
34 corner 15 [(6, True), (6, True), (6, True)]
35 free 15 [(5, True), (5, True), (5, True)]
36 free 12 [(5, True), (5, True), (5, True)]
37 wall 25 [(5, True), (5, True), (5, True)]
38 corner 20 [(6, True), (6, True), (6, True)]
39 free 20 [(5, True), (5, True), (5, True)]
40 free 13 [(5, True), (5, True), (5, True)]
41 wall 12 [(4, True), (4, True), (4, True)]
42 corner 21 [(5, True), (5, True), (5, True)]
43 free 14 [(5, True), (5, True), (5, True)]
44 free 22 [(5, True), (5, True), (5, True)]
45 wall 17 [(5, True), (5, True), (5, True)]
46 corner 15 [(6, True), (6, True), (6, True)]
47 free 18 [(5, True), (5, True), (5, True)]
48 free 12 [(5, True), (5, True), (5, True)]
49 wall 20 [(5, True), (5, True), (5, True)]
50 corner 14 [(4, True), (4, True), (4, True)]
51 free 16 [(5, True), (5, True), (5, True)]
52 free 17 [(5, True), (5, True), (5, True)]
53 wall 20 [(5, True), (5, True), (5, True)]
54 corner 22 [(6, True), (6, True), (6, True)]
55 free 19 [(5, True), (5, True), (6, True)]
56 free 23 [(5, True), (5, True), (5, True)]
57 wall 13 [(5, True), (5, True), (5, True)]
58 corner 21 [(6, True), (6, True), (6, True)]
59 free 18 [(5, True), (5, True), (5, True)]
60 free 17 [(5, True), (5, True), (5, True)]
61 wall 13 [(5, True), (5, True), (5, True)]
62 corner 23 [(5, True), (5, True), (5, True)]
63 free 21 [(5, True), (5, True), (5, True)]
64 free 20 [(5, True), (5, True), (6, True)]
65 wall 16 [(5, True), (5, True), (5, True)]
66 corner 17 [(6, True), (6, True), (6, True)]
67 free 20 [(5, True), (5, True), (6, True)]
68 free 15 [(5, True), (5, True), (5, True)]
69 wall 21 [(4, True), (4, True), (4, True)]
70 corner 15 [(6, True), (6, True), (6, True)]
71 free 20 [(5, True), (5, True), (5, True)]
72 free 25 [(5, True), (5, True), (5, True)]
73 wall 17 [(5, True), (5, True), (5, True)]
